# 测试结果

## 问题
1+1=?

## 回答
1+1 = 2

这是最基本的算术运算。在数学中：
- 1 代表一个单位
- 加号 (+) 表示合并
- 两个单位合并就是 2

## 测试信息
- 时间: $(date)
- 状态: 成功
- 耗时: 约 10 秒
